../Core/Src/LTC6811.c:6:13:BMS_Init	72	static
../Core/Src/LTC6811.c:52:6:bms_info_struct_init	16	static
../Core/Src/LTC6811.c:77:6:mcu_struct_init	32	static
../Core/Src/LTC6811.c:103:6:slave_array_init	24	static
../Core/Src/LTC6811.c:110:6:slave_struct_init	24	static
../Core/Src/LTC6811.c:172:6:init_PEC15_Table	24	static
../Core/Src/LTC6811.c:189:10:pec15	24	static
../Core/Src/LTC6811.c:204:6:find_ids_in_bus	32	static
../Core/Src/LTC6811.c:220:6:update_BMS_info_struct	48	static
../Core/Src/LTC6811.c:306:13:update_comm_errors	32	static
../Core/Src/LTC6811.c:334:13:update_balancing_cells	24	static
../Core/Src/LTC6811.c:411:13:finalize_balancing	32	static
../Core/Src/LTC6811.c:443:13:balance_to_min	40	static
../Core/Src/LTC6811.c:464:13:balance_cells	48	static
../Core/Src/LTC6811.c:494:6:find_min_max_v	24	static
../Core/Src/LTC6811.c:523:6:update_uv_ov_flags	24	static
../Core/Src/LTC6811.c:553:13:stop_balancing	48	static
../Core/Src/LTC6811.c:581:13:test_balancing	640	static
../Core/Src/LTC6811.c:636:13:discharge	64	static
../Core/Src/LTC6811.c:653:13:check_adcs	32	static
../Core/Src/LTC6811.c:672:13:self_test_all_modes	40	static
../Core/Src/LTC6811.c:686:13:self_test	88	static
../Core/Src/LTC6811.c:789:13:safe_clear	40	static
../Core/Src/LTC6811.c:814:13:validate_clear	56	static
../Core/Src/LTC6811.c:875:13:check_mux_and_thsd	32	static
../Core/Src/LTC6811.c:894:13:check_reference_voltages	32	static
../Core/Src/LTC6811.c:928:13:check_open_wire	112	static
../Core/Src/LTC6811.c:989:13:validate_voltage_measurements	40	static
../Core/Src/LTC6811.c:1023:13:diagnose	40	static
../Core/Src/LTC6811.c:1083:13:update_voltages	32	static
../Core/Src/LTC6811.c:1100:13:update_voltages_and_wait	40	static
../Core/Src/LTC6811.c:1118:13:read_voltage_registers	40	static
../Core/Src/LTC6811.c:1146:13:read_voltage_registers_all	40	static
../Core/Src/LTC6811.c:1166:13:get_voltages	40	static
../Core/Src/LTC6811.c:1203:13:get_voltage_flags	40	static
../Core/Src/LTC6811.c:1216:13:read_voltage_flags	40	static
../Core/Src/LTC6811.c:1235:13:read_voltage_flags_all	40	static
../Core/Src/LTC6811.c:1254:13:safe_write_cfgr	64	static
../Core/Src/LTC6811.c:1301:13:safe_write_pwm	40	static
../Core/Src/LTC6811.c:1341:13:safe_write_sctrl	40	static
../Core/Src/LTC6811.c:1383:6:write_cfgr	40	static
../Core/Src/LTC6811.c:1412:6:write_sctrl	24	static
../Core/Src/LTC6811.c:1427:6:write_pwm	24	static
../Core/Src/LTC6811.c:1443:13:update_and_wait	16	static
../Core/Src/LTC6811.c:1456:10:ADCV	16	static
../Core/Src/LTC6811.c:1463:10:ADOW	16	static
../Core/Src/LTC6811.c:1470:10:CVST	16	static
../Core/Src/LTC6811.c:1477:10:ADOL	16	static
../Core/Src/LTC6811.c:1484:10:ADAX	16	static
../Core/Src/LTC6811.c:1491:10:ADAXD	16	static
../Core/Src/LTC6811.c:1498:10:AXST	16	static
../Core/Src/LTC6811.c:1505:10:ADSTAT	16	static
../Core/Src/LTC6811.c:1512:10:ADSTATD	16	static
../Core/Src/LTC6811.c:1519:10:STATST	16	static
../Core/Src/LTC6811.c:1527:10:ADCVAX	16	static
../Core/Src/LTC6811.c:1535:10:ADCVSC	16	static
../Core/Src/LTC6811.c:1548:13:read	40	static
../Core/Src/LTC6811.c:1568:6:process_read_data	24	static
../Core/Src/LTC6811.c:1706:6:ntc_rh_init	40	static
../Core/Src/LTC6811.c:1736:10:find_position	32	static
../Core/Src/LTC6811.c:1767:10:lookup_value	24	static
../Core/Src/LTC6811.c:1773:6:update_temperatures	16	static
../Core/Src/LTC6811.c:1779:13:update_temperatures_and_wait	24	static
../Core/Src/LTC6811.c:1785:13:read_temperature_registers	48	static
../Core/Src/LTC6811.c:1818:13:get_temperatures	24	static
../Core/Src/LTC6811.c:1831:6:find_min_max_temp	24	static
../Core/Src/LTC6811.c:1867:6:read_humidity	24	static
../Core/Src/LTC6811.c:1882:6:find_max_humidity	24	static
../Core/Src/LTC6811.c:1899:6:update_status	16	static
../Core/Src/LTC6811.c:1904:13:read_status_registers	32	static
../Core/Src/LTC6811.c:1916:13:read_cfgr_register	32	static
../Core/Src/LTC6811.c:1927:13:measure_all	40	static
../Core/Src/LTC6811.c:1954:6:wake_up	24	static
../Core/Src/LTC6811.c:1970:6:isospi_ready	24	static
../Core/Src/LTC6811.c:1992:13:read_data	72	static
../Core/Src/LTC6811.c:2046:13:update	32	static
../Core/Src/LTC6811.c:2089:13:write_data	48	static
../Core/Src/LTC6811.c:2139:13:poll	24	static
../Core/Src/LTC6811.c:2157:13:poll_status	56	static
